[lucky-bulldog.10web.site/index.html]
[backblue.gif]
[fade.gif]
[index.html]
[lucky-bulldog.10web.site/wp-content/cache/tw_optimize/css/two_front_page_aggregated_5031697833a1b266bf9fe4d7a52cf38e_delay.mind91f.css]
[lucky-bulldog.10web.site/wp-json/wp/v2/pages/31.json]
[lucky-bulldog.10web.site/comments/feed/index.html]
[lucky-bulldog.10web.site/wp-json/index.html]
[lucky-bulldog.10web.site/feed/index.html]
[lucky-bulldog.10web.site/wp-json/oembed/1.0/embedbc17.json]
[lucky-bulldog.10web.site/wp-json/oembed/1.0/embed9860]
[lucky-bulldog.10web.site/wp-content/plugins/elementor/assets/lib/eicons/fonts/eicons9506.eot]
[lucky-bulldog.10web.site/GET]
[lucky-bulldog.10web.site/wp-content/uploads/2023/10/logo-meia-entrada.1880ce37.svg]
[lucky-bulldog.10web.site/wp-content/uploads/2023/10/image.jpg]
[lucky-bulldog.10web.site/wp-content/plugins/tenweb-speed-optimizer/includes/external/js/vanilla-lazyload/lazyload.min.js]
[lucky-bulldog.10web.site/index.html]
[lucky-bulldog.10web.site/wp-content/plugins/tenweb-speed-optimizer/includes/external/js/vanilla-lazyload/two_bg_vanilla.js]
[lucky-bulldog.10web.site/wp-content/plugins/tenweb-builder/assets/common/fonts/twbb-iconsea66.ttf]
[lucky-bulldog.10web.site/wp-content/plugins/elementor/assets/lib/font-awesome/webfonts/fa-brands-400.eot]
[lucky-bulldog.10web.site/wp-content/cache/tw_optimize/css/two_front_page_aggregated_5031697833a1b266bf9fe4d7a52cf38e_delay.mind91f.css]
[lucky-bulldog.10web.site/xmlrpc0db0.html]
[lucky-bulldog.10web.site/GET.html]
[lucky-bulldog.10web.site/wp-content/uploads/2023/10/logo-meia-entrada.1880ce37.svg]
